Rc files read (in order):
  NONE
Latexmk: This is Latexmk, John Collins, 9 March 2026. Version 4.88.
Latexmk: applying rule 'lualatex'...
Rule 'lualatex':  Reasons for rerun
Changed files or newly in use/created:
  figures/F1_cost_error_curves.pdf
  figures/F2_paired_effects.pdf
  figures/F3_equal_quality.pdf
  figures/F4_timing_contributions.pdf
  figures/F5_domain_results.pdf
  figures/F6_case_progression.pdf
Category 'changed_user':
  figures/F1_cost_error_curves.pdf
  figures/F2_paired_effects.pdf
  figures/F3_equal_quality.pdf
  figures/F4_timing_contributions.pdf
  figures/F5_domain_results.pdf
  figures/F6_case_progression.pdf

------------
Run number 1 of rule 'lualatex'
------------
------------
Running 'lualatex  -interaction=nonstopmode -halt-on-error -recorder -output-directory="build"  "main.tex"'
------------
This is LuaHBTeX, Version 1.24.0 (TeX Live 2026) 
 restricted system commands enabled.
(./main.tex
LaTeX2e <2026-06-01>
L3 programming layer <2026-06-18>
 (/home/ww/.local/texlive/2026/texmf-dist/tex/latex/base/article.cls
Document Class: article 2025/01/22 v1.4n Standard LaTeX document class
(/home/ww/.local/texlive/2026/texmf-dist/tex/latex/base/size11.clo))
(/home/ww/.local/texlive/2026/texmf-dist/tex/latex/geometry/geometry.sty
(/home/ww/.local/texlive/2026/texmf-dist/tex/latex/graphics/keyval.sty)
(/home/ww/.local/texlive/2026/texmf-dist/tex/generic/iftex/ifvtex.sty
(/home/ww/.local/texlive/2026/texmf-dist/tex/generic/iftex/iftex.sty)))
(/home/ww/.local/texlive/2026/texmf-dist/tex/latex/fontspec/fontspec.sty
(/home/ww/.local/texlive/2026/texmf-dist/tex/latex/l3packages/xparse/xparse.sty
(/home/ww/.local/texlive/2026/texmf-dist/tex/latex/l3kernel/expl3.sty
(/home/ww/.local/texlive/2026/texmf-dist/tex/latex/l3backend/l3backend-luatex.d
ef)))
(/home/ww/.local/texlive/2026/texmf-dist/tex/latex/fontspec/fontspec-luatex.sty
(/home/ww/.local/texlive/2026/texmf-dist/tex/latex/base/fontenc.sty)
(/home/ww/.local/texlive/2026/texmf-dist/tex/latex/fontspec/fontspec.cfg)))
(/home/ww/.local/texlive/2026/texmf-dist/tex/latex/amsmath/amsmath.sty
For additional information on amsmath, use the `?' option.
(/home/ww/.local/texlive/2026/texmf-dist/tex/latex/amsmath/amstext.sty
(/home/ww/.local/texlive/2026/texmf-dist/tex/latex/amsmath/amsgen.sty))
(/home/ww/.local/texlive/2026/texmf-dist/tex/latex/amsmath/amsbsy.sty)
(/home/ww/.local/texlive/2026/texmf-dist/tex/latex/amsmath/amsopn.sty))
(/home/ww/.local/texlive/2026/texmf-dist/tex/latex/amsfonts/amssymb.sty
(/home/ww/.local/texlive/2026/texmf-dist/tex/latex/amsfonts/amsfonts.sty))
(/home/ww/.local/texlive/2026/texmf-dist/tex/latex/graphics/graphicx.sty
(/home/ww/.local/texlive/2026/texmf-dist/tex/latex/graphics/graphics.sty
(/home/ww/.local/texlive/2026/texmf-dist/tex/latex/graphics/trig.sty)
(/home/ww/.local/texlive/2026/texmf-dist/tex/latex/graphics-cfg/graphics.cfg)
(/home/ww/.local/texlive/2026/texmf-dist/tex/latex/graphics-def/luatex.def)))
(/home/ww/.local/texlive/2026/texmf-dist/tex/latex/booktabs/booktabs.sty)
(/home/ww/.local/texlive/2026/texmf-dist/tex/latex/tools/longtable.sty)
(/home/ww/.local/texlive/2026/texmf-dist/tex/latex/tools/array.sty)
(/home/ww/.local/texlive/2026/texmf-dist/tex/latex/tools/calc.sty)
(/home/ww/.local/texlive/2026/texmf-dist/tex/latex/etoolbox/etoolbox.sty)
(/home/ww/.local/texlive/2026/texmf-dist/tex/latex/natbib/natbib.sty)
(/home/ww/.local/texlive/2026/texmf-dist/tex/latex/hyperref/hyperref.sty
(/home/ww/.local/texlive/2026/texmf-dist/tex/latex/kvsetkeys/kvsetkeys.sty)
(/home/ww/.local/texlive/2026/texmf-dist/tex/generic/kvdefinekeys/kvdefinekeys.
sty)
(/home/ww/.local/texlive/2026/texmf-dist/tex/generic/pdfescape/pdfescape.sty
(/home/ww/.local/texlive/2026/texmf-dist/tex/generic/ltxcmds/ltxcmds.sty)
(/home/ww/.local/texlive/2026/texmf-dist/tex/generic/pdftexcmds/pdftexcmds.sty
(/home/ww/.local/texlive/2026/texmf-dist/tex/generic/infwarerr/infwarerr.sty)))
 (/home/ww/.local/texlive/2026/texmf-dist/tex/latex/hycolor/hycolor.sty)
(/home/ww/.local/texlive/2026/texmf-dist/tex/latex/hyperref/nameref.sty
(/home/ww/.local/texlive/2026/texmf-dist/tex/latex/refcount/refcount.sty)
(/home/ww/.local/texlive/2026/texmf-dist/tex/generic/gettitlestring/gettitlestr
ing.sty
(/home/ww/.local/texlive/2026/texmf-dist/tex/latex/kvoptions/kvoptions.sty)))
(/home/ww/.local/texlive/2026/texmf-dist/tex/generic/stringenc/stringenc.sty)
(/home/ww/.local/texlive/2026/texmf-dist/tex/latex/hyperref/pd1enc.def)
(/home/ww/.local/texlive/2026/texmf-dist/tex/generic/intcalc/intcalc.sty)
(/home/ww/.local/texlive/2026/texmf-dist/tex/latex/hyperref/puenc.def)
(/home/ww/.local/texlive/2026/texmf-dist/tex/latex/url/url.sty)
(/home/ww/.local/texlive/2026/texmf-dist/tex/generic/bitset/bitset.sty
(/home/ww/.local/texlive/2026/texmf-dist/tex/generic/bigintcalc/bigintcalc.sty)
)) (/home/ww/.local/texlive/2026/texmf-dist/tex/latex/hyperref/hluatex.def
(/home/ww/.local/texlive/2026/texmf-dist/tex/latex/rerunfilecheck/rerunfilechec
k.sty
(/home/ww/.local/texlive/2026/texmf-dist/tex/generic/uniquecounter/uniquecounte
r.sty))) (/home/ww/.local/texlive/2026/texmf-dist/tex/latex/caption/caption.sty
(/home/ww/.local/texlive/2026/texmf-dist/tex/latex/caption/caption3.sty)
(/home/ww/.local/texlive/2026/texmf-dist/tex/latex/caption/ltcaption.sty))
(/home/ww/.local/texlive/2026/texmf-dist/tex/latex/float/float.sty)
(/home/ww/.local/texlive/2026/texmf-dist/tex/latex/fancyvrb/fancyvrb.sty)
(./build/main.aux)
*geometry* driver: auto-detecting
*geometry* detected driver: luatex
(/home/ww/.local/texlive/2026/texmf-dist/tex/context/base/mkii/supp-pdf.mkii
[Loading MPS to PDF converter (version 2006.09.02).]
)
(/home/ww/.local/texlive/2026/texmf-dist/tex/latex/epstopdf-pkg/epstopdf-base.s
ty
(/home/ww/.local/texlive/2026/texmf-dist/tex/latex/latexconfig/epstopdf-sys.cfg
)) (./build/main.out) (./build/main.out) (./sections/01_introduction.tex
[1{/home/ww/.local/texlive/2026/texmf-var/fonts/map/pdftex/updmap/pdftex.map}])
 (./sections/02_related_work.tex [2]) (./sections/03_framework.tex
(/home/ww/.local/texlive/2026/texmf-dist/tex/latex/amsfonts/umsa.fd)
(/home/ww/.local/texlive/2026/texmf-dist/tex/latex/amsfonts/umsb.fd) [3]
[4] [5<./figures/Fig1_framework.pdf>] [6] [7])
(./sections/04_experimental_design.tex [8] [9] [10]) (./sections/05_results.tex
[11] [12] [13<./figures/F1_cost_error_curves.pdf>] [14<./figures/F2_paired_effe
cts.pdf><./figures/F5_domain_results.pdf>]) (./sections/06_conclusions.tex
[15<./figures/F4_timing_contributions.pdf>] [16<./figures/F6_case_progression.p
df>]) (./build/main.bbl [17<./figures/F3_equal_quality.pdf>] [18]) [19]
(./build/main.aux))
 617 words of node memory still in use:
   6 hlist, 2 vlist, 2 rule, 2 glue, 4 kern, 1 glyph, 15 attribute, 63 glue_spe
c, 15 attribute_list, 1 write, 7 pdf_action nodes
   avail lists: 1:1,2:1324,3:495,4:23,5:565,6:184,7:11786,8:81,9:1214,10:18,11:
1137
</home/ww/.local/texlive/2026/texmf-dist/fonts/opentype/public/lm/lmmono10-regu
lar.otf></home/ww/.local/texlive/2026/texmf-dist/fonts/opentype/public/lm/lmrom
an10-italic.otf></home/ww/.local/texlive/2026/texmf-dist/fonts/opentype/public/
lm/lmmono9-regular.otf></home/ww/.local/texlive/2026/texmf-dist/fonts/opentype/
public/lm/lmroman8-regular.otf></home/ww/.local/texlive/2026/texmf-dist/fonts/o
pentype/public/lm/lmroman12-bold.otf></home/ww/.local/texlive/2026/texmf-dist/f
onts/opentype/public/lm/lmroman10-regular.otf></home/ww/.local/texlive/2026/tex
mf-dist/fonts/opentype/public/lm/lmroman10-bold.otf></home/ww/.local/texlive/20
26/texmf-dist/fonts/opentype/public/lm/lmroman12-regular.otf></home/ww/.local/t
exlive/2026/texmf-dist/fonts/opentype/public/lm/lmroman17-regular.otf></home/ww
/.local/texlive/2026/texmf-dist/fonts/type1/public/amsfonts/cm/cmex10.pfb></hom
e/ww/.local/texlive/2026/texmf-dist/fonts/type1/public/amsfonts/cm/cmmi10.pfb><
/home/ww/.local/texlive/2026/texmf-dist/fonts/type1/public/amsfonts/cm/cmmi8.pf
b></home/ww/.local/texlive/2026/texmf-dist/fonts/type1/public/amsfonts/cm/cmr10
.pfb></home/ww/.local/texlive/2026/texmf-dist/fonts/type1/public/amsfonts/cm/cm
r8.pfb></home/ww/.local/texlive/2026/texmf-dist/fonts/type1/public/amsfonts/cm/
cmsy10.pfb></home/ww/.local/texlive/2026/texmf-dist/fonts/type1/public/amsfonts
/cm/cmsy8.pfb></home/ww/.local/texlive/2026/texmf-dist/fonts/type1/public/amsfo
nts/symbols/msbm10.pfb>
Output written on main.pdf (19 pages, 5273447 bytes).
Transcript written on main.log.
Latexmk: Getting log file 'build/main.log'
Latexmk: Examining 'build/main.fls'
Latexmk: Examining 'build/main.log'
Latexmk: Found input bbl file 'build/main.bbl'
Latexmk: Found input bbl file 'build/main.bbl'
Latexmk: Log file says output to 'main.pdf'
Latexmk: Using bibtex to make bibliography file(s).
  ===Source file 'build/main.bbl' for 'lualatex'
Latexmk: Found bibliography file(s):
  ./references.bib
Latexmk: All targets (build/main.pdf) are up-to-date

