Rc files read (in order):
  NONE
Latexmk: This is Latexmk, John Collins, 9 March 2026. Version 4.88.
Latexmk: applying rule 'lualatex'...
Rule 'lualatex':  Reasons for rerun
Changed files or newly in use/created:
  figures/F6_case_progression.pdf
Category 'changed_user':
  figures/F6_case_progression.pdf

------------
Run number 1 of rule 'lualatex'
------------
------------
Running 'lualatex  -interaction=nonstopmode -halt-on-error -recorder -output-directory="build"  "supplementary.tex"'
------------
This is LuaHBTeX, Version 1.24.0 (TeX Live 2026) 
 restricted system commands enabled.
(./supplementary.tex
LaTeX2e <2026-06-01>
L3 programming layer <2026-06-18>
 (/home/ww/.local/texlive/2026/texmf-dist/tex/latex/base/article.cls
Document Class: article 2025/01/22 v1.4n Standard LaTeX document class
(/home/ww/.local/texlive/2026/texmf-dist/tex/latex/base/size11.clo))
(/home/ww/.local/texlive/2026/texmf-dist/tex/latex/geometry/geometry.sty
(/home/ww/.local/texlive/2026/texmf-dist/tex/latex/graphics/keyval.sty)
(/home/ww/.local/texlive/2026/texmf-dist/tex/generic/iftex/ifvtex.sty
(/home/ww/.local/texlive/2026/texmf-dist/tex/generic/iftex/iftex.sty)))
(/home/ww/.local/texlive/2026/texmf-dist/tex/latex/fontspec/fontspec.sty
(/home/ww/.local/texlive/2026/texmf-dist/tex/latex/l3packages/xparse/xparse.sty
(/home/ww/.local/texlive/2026/texmf-dist/tex/latex/l3kernel/expl3.sty
(/home/ww/.local/texlive/2026/texmf-dist/tex/latex/l3backend/l3backend-luatex.d
ef)))
(/home/ww/.local/texlive/2026/texmf-dist/tex/latex/fontspec/fontspec-luatex.sty
(/home/ww/.local/texlive/2026/texmf-dist/tex/latex/base/fontenc.sty)
(/home/ww/.local/texlive/2026/texmf-dist/tex/latex/fontspec/fontspec.cfg)))
(/home/ww/.local/texlive/2026/texmf-dist/tex/latex/amsmath/amsmath.sty
For additional information on amsmath, use the `?' option.
(/home/ww/.local/texlive/2026/texmf-dist/tex/latex/amsmath/amstext.sty
(/home/ww/.local/texlive/2026/texmf-dist/tex/latex/amsmath/amsgen.sty))
(/home/ww/.local/texlive/2026/texmf-dist/tex/latex/amsmath/amsbsy.sty)
(/home/ww/.local/texlive/2026/texmf-dist/tex/latex/amsmath/amsopn.sty))
(/home/ww/.local/texlive/2026/texmf-dist/tex/latex/amsfonts/amssymb.sty
(/home/ww/.local/texlive/2026/texmf-dist/tex/latex/amsfonts/amsfonts.sty))
(/home/ww/.local/texlive/2026/texmf-dist/tex/latex/graphics/graphicx.sty
(/home/ww/.local/texlive/2026/texmf-dist/tex/latex/graphics/graphics.sty
(/home/ww/.local/texlive/2026/texmf-dist/tex/latex/graphics/trig.sty)
(/home/ww/.local/texlive/2026/texmf-dist/tex/latex/graphics-cfg/graphics.cfg)
(/home/ww/.local/texlive/2026/texmf-dist/tex/latex/graphics-def/luatex.def)))
(/home/ww/.local/texlive/2026/texmf-dist/tex/latex/booktabs/booktabs.sty)
(/home/ww/.local/texlive/2026/texmf-dist/tex/latex/tools/longtable.sty)
(/home/ww/.local/texlive/2026/texmf-dist/tex/latex/tools/array.sty)
(/home/ww/.local/texlive/2026/texmf-dist/tex/latex/tools/calc.sty)
(/home/ww/.local/texlive/2026/texmf-dist/tex/latex/etoolbox/etoolbox.sty)
(/home/ww/.local/texlive/2026/texmf-dist/tex/latex/natbib/natbib.sty)
(/home/ww/.local/texlive/2026/texmf-dist/tex/latex/hyperref/hyperref.sty
(/home/ww/.local/texlive/2026/texmf-dist/tex/latex/kvsetkeys/kvsetkeys.sty)
(/home/ww/.local/texlive/2026/texmf-dist/tex/generic/kvdefinekeys/kvdefinekeys.
sty)
(/home/ww/.local/texlive/2026/texmf-dist/tex/generic/pdfescape/pdfescape.sty
(/home/ww/.local/texlive/2026/texmf-dist/tex/generic/ltxcmds/ltxcmds.sty)
(/home/ww/.local/texlive/2026/texmf-dist/tex/generic/pdftexcmds/pdftexcmds.sty
(/home/ww/.local/texlive/2026/texmf-dist/tex/generic/infwarerr/infwarerr.sty)))
 (/home/ww/.local/texlive/2026/texmf-dist/tex/latex/hycolor/hycolor.sty)
(/home/ww/.local/texlive/2026/texmf-dist/tex/latex/hyperref/nameref.sty
(/home/ww/.local/texlive/2026/texmf-dist/tex/latex/refcount/refcount.sty)
(/home/ww/.local/texlive/2026/texmf-dist/tex/generic/gettitlestring/gettitlestr
ing.sty
(/home/ww/.local/texlive/2026/texmf-dist/tex/latex/kvoptions/kvoptions.sty)))
(/home/ww/.local/texlive/2026/texmf-dist/tex/generic/stringenc/stringenc.sty)
(/home/ww/.local/texlive/2026/texmf-dist/tex/latex/hyperref/pd1enc.def)
(/home/ww/.local/texlive/2026/texmf-dist/tex/generic/intcalc/intcalc.sty)
(/home/ww/.local/texlive/2026/texmf-dist/tex/latex/hyperref/puenc.def)
(/home/ww/.local/texlive/2026/texmf-dist/tex/latex/url/url.sty)
(/home/ww/.local/texlive/2026/texmf-dist/tex/generic/bitset/bitset.sty
(/home/ww/.local/texlive/2026/texmf-dist/tex/generic/bigintcalc/bigintcalc.sty)
)) (/home/ww/.local/texlive/2026/texmf-dist/tex/latex/hyperref/hluatex.def
(/home/ww/.local/texlive/2026/texmf-dist/tex/latex/rerunfilecheck/rerunfilechec
k.sty
(/home/ww/.local/texlive/2026/texmf-dist/tex/generic/uniquecounter/uniquecounte
r.sty))) (/home/ww/.local/texlive/2026/texmf-dist/tex/latex/caption/caption.sty
(/home/ww/.local/texlive/2026/texmf-dist/tex/latex/caption/caption3.sty)
(/home/ww/.local/texlive/2026/texmf-dist/tex/latex/caption/ltcaption.sty))
(/home/ww/.local/texlive/2026/texmf-dist/tex/latex/float/float.sty)
(/home/ww/.local/texlive/2026/texmf-dist/tex/latex/fancyvrb/fancyvrb.sty)
(./build/supplementary.aux)
*geometry* driver: auto-detecting
*geometry* detected driver: luatex
(/home/ww/.local/texlive/2026/texmf-dist/tex/context/base/mkii/supp-pdf.mkii
[Loading MPS to PDF converter (version 2006.09.02).]
)
(/home/ww/.local/texlive/2026/texmf-dist/tex/latex/epstopdf-pkg/epstopdf-base.s
ty
(/home/ww/.local/texlive/2026/texmf-dist/tex/latex/latexconfig/epstopdf-sys.cfg
)) (./build/supplementary.out) (./build/supplementary.out)
(/home/ww/.local/texlive/2026/texmf-dist/tex/latex/amsfonts/umsa.fd)
(/home/ww/.local/texlive/2026/texmf-dist/tex/latex/amsfonts/umsb.fd)
Overfull \hbox (2.00523pt too wide) in paragraph at lines 125--125
[]|\TU/LatinModernRoman(0)/m/n/10 Geometry- 

Overfull \hbox (2.00523pt too wide) in paragraph at lines 126--126
[]|\TU/LatinModernRoman(0)/m/n/10 Geometry- 

Overfull \hbox (2.00523pt too wide) in paragraph at lines 127--127
[]|\TU/LatinModernRoman(0)/m/n/10 Geometry- 

Overfull \hbox (2.00523pt too wide) in paragraph at lines 128--128
[]|\TU/LatinModernRoman(0)/m/n/10 Geometry- 

Overfull \hbox (2.00523pt too wide) in paragraph at lines 129--129
[]|\TU/LatinModernRoman(0)/m/n/10 Geometry- 
[1{/home/ww/.local/texlive/2026/texmf-var/fonts/map/pdftex/updmap/pdftex.map}]
[2]
Overfull \hbox (1.96648pt too wide) in paragraph at lines 196--196
 []|\TU/LatinModernRoman(0)/m/n/10 early_area_mpa|

Overfull \hbox (1.96648pt too wide) in paragraph at lines 199--199
 []|\TU/LatinModernRoman(0)/m/n/10 early_area_mpa|

Overfull \hbox (1.96648pt too wide) in paragraph at lines 202--202
 []|\TU/LatinModernRoman(0)/m/n/10 early_area_mpa|
[3] [4] (./build/supplementary.bbl

Package natbib Warning: Empty `thebibliography' environment on input line 8.

) [5<./figures/F6_case_progression.pdf>] (./build/supplementary.aux))
(see the transcript file for additional information)
 544 words of node memory still in use:
   6 hlist, 2 vlist, 2 rule, 2 glue, 4 kern, 1 glyph, 6 attribute, 64 glue_spec
, 6 attribute_list, 1 write nodes
   avail lists: 1:2,2:4063,3:1602,4:5,5:398,6:683,7:13919,8:21,9:4518,10:3,11:6
50
</home/ww/.local/texlive/2026/texmf-dist/fonts/opentype/public/lm/lmroman10-bol
d.otf></home/ww/.local/texlive/2026/texmf-dist/fonts/opentype/public/lm/lmroman
10-regular.otf></home/ww/.local/texlive/2026/texmf-dist/fonts/opentype/public/l
m/lmroman12-bold.otf></home/ww/.local/texlive/2026/texmf-dist/fonts/type1/publi
c/amsfonts/cm/cmex10.pfb></home/ww/.local/texlive/2026/texmf-dist/fonts/type1/p
ublic/amsfonts/cm/cmmi10.pfb></home/ww/.local/texlive/2026/texmf-dist/fonts/typ
e1/public/amsfonts/cm/cmmi8.pfb></home/ww/.local/texlive/2026/texmf-dist/fonts/
type1/public/amsfonts/cm/cmr10.pfb></home/ww/.local/texlive/2026/texmf-dist/fon
ts/type1/public/amsfonts/cm/cmr8.pfb></home/ww/.local/texlive/2026/texmf-dist/f
onts/type1/public/amsfonts/cm/cmsy10.pfb></home/ww/.local/texlive/2026/texmf-di
st/fonts/type1/public/amsfonts/cm/cmsy8.pfb>
Output written on supplementary.pdf (5 pages, 5053763 bytes).
Transcript written on supplementary.log.
Latexmk: Getting log file 'build/supplementary.log'
Latexmk: Examining 'build/supplementary.fls'
Latexmk: Examining 'build/supplementary.log'
Latexmk: Found input bbl file 'build/supplementary.bbl'
Latexmk: Log file says output to 'supplementary.pdf'
Latexmk: Using bibtex to make bibliography file(s).
  ===Source file 'build/supplementary.bbl' for 'lualatex'
Latexmk: Found bibliography file(s):
  ./references.bib
Latexmk: All targets (build/supplementary.pdf) are up-to-date

